<?xml version="1.0" encoding="utf-8"?><testsuites><testsuite name="pytest" errors="0" failures="0" skipped="0" tests="719" time="169.311" timestamp="2026-10-08T11:05:40.980790+02:00" hostname="LAPTOP-E9KHHTBV"><testcase classname="tests.test_access_review_workflow_routing" name="test_workflow_routed_campaign_creates_one_independent_instance_per_item" time="1.597" /><testcase classname="tests.test_access_review_workflow_routing" name="test_deciding_an_items_workflow_approved_certifies_without_touching_the_assignment" time="0.350" /><testcase classname="tests.test_access_review_workflow_routing" name="test_deciding_an_items_workflow_rejected_revokes_the_real_assignment" time="0.393" /><testcase classname="tests.test_access_review_workflow_routing" name="test_the_old_decide_endpoint_rejects_a_workflow_routed_item" time="0.361" /><testcase classname="tests.test_access_review_workflow_routing" name="test_reviewer_and_workflow_are_mutually_exclusive_and_one_is_required" time="0.249" /><testcase classname="tests.test_access_review_workflow_routing" name="test_complete_campaign_resolves_open_item_workflows_per_on_no_response" time="0.394" /><testcase classname="tests.test_access_review_workflow_routing" name="test_complete_campaign_keeps_access_when_on_no_response_is_keep" time="0.332" /><testcase classname="tests.test_access_review_workflow_routing" name="test_updating_reviewer_fields_is_rejected_on_a_workflow_routed_campaign" time="0.273" /><testcase classname="tests.test_access_reviews" name="test_admin_can_create_a_campaign_and_it_snapshots_matching_assignments" time="0.226" /><testcase classname="tests.test_access_reviews" name="test_deciding_approved_never_touches_the_underlying_assignment" time="0.255" /><testcase classname="tests.test_access_reviews" name="test_deciding_revoked_calls_the_real_revoke_path_and_completes_the_campaign" time="0.304" /><testcase classname="tests.test_access_reviews" name="test_a_non_reviewer_cannot_decide_an_item" time="0.331" /><testcase classname="tests.test_access_reviews" name="test_fallback_reviewer_blocked_before_unlock_hours_elapse" time="0.241" /><testcase classname="tests.test_access_reviews" name="test_manual_complete_auto_revokes_pending_items" time="0.265" /><testcase classname="tests.test_access_reviews" name="test_overdue_campaign_is_auto_swept_by_the_worker_function" time="0.268" /><testcase classname="tests.test_access_reviews" name="test_access_review_admin_role_can_manage_campaigns_without_the_admin_role" time="0.211" /><testcase classname="tests.test_access_reviews" name="test_a_normal_user_cannot_create_a_campaign" time="0.213" /><testcase classname="tests.test_access_reviews" name="test_my_review_items_lists_pending_items_across_campaigns" time="0.227" /><testcase classname="tests.test_access_reviews" name="test_multiple_resources_scope_mixes_a_group_and_a_package_in_one_campaign" time="0.234" /><testcase classname="tests.test_access_reviews" name="test_multiple_resources_scope_rejects_a_nonexistent_target" time="0.206" /><testcase classname="tests.test_access_reviews" name="test_admin_can_edit_a_campaigns_metadata" time="0.261" /><testcase classname="tests.test_access_reviews" name="test_reassigning_the_reviewer_lets_the_new_reviewer_decide_items" time="0.312" /><testcase classname="tests.test_access_reviews" name="test_a_completed_campaign_cannot_be_edited" time="0.268" /><testcase classname="tests.test_access_reviews" name="test_a_normal_user_cannot_edit_a_campaign" time="0.261" /><testcase classname="tests.test_access_reviews" name="test_campaign_creator_is_notified_when_a_reviewer_decides_an_item" time="0.300" /><testcase classname="tests.test_access_reviews" name="test_manual_complete_of_a_recurring_campaign_spawns_the_next_one" time="0.291" /><testcase classname="tests.test_access_reviews" name="test_deciding_the_last_item_of_a_recurring_campaign_spawns_the_next_one" time="0.295" /><testcase classname="tests.test_access_reviews" name="test_dashboard_summary_reflects_real_counts" time="0.401" /><testcase classname="tests.test_access_reviews" name="test_inactive_users_scope_fails_clearly_without_a_real_entra_connector" time="0.224" /><testcase classname="tests.test_access_reviews" name="test_reviewer_is_notified_when_a_recurring_cycle_completes_and_spawns_the_next_one" time="0.297" /><testcase classname="tests.test_access_reviews" name="test_item_response_includes_the_users_email" time="0.260" /><testcase classname="tests.test_access_reviews" name="test_items_report_where_the_entitlement_came_from_and_package_scope_excludes_other_holders" time="0.271" /><testcase classname="tests.test_access_reviews" name="test_business_role_scope_includes_only_role_sourced_grants_and_reports_its_source" time="0.256" /><testcase classname="tests.test_access_reviews" name="test_business_role_scope_rejects_an_unknown_role_and_suggests_its_owner" time="0.245" /><testcase classname="tests.test_access_reviews" name="test_compute_next_run_handles_day_time_timezone_and_short_months" time="0.007" /><testcase classname="tests.test_access_reviews" name="test_fixed_schedule_sets_next_run_and_is_exclusive_with_repeat_after_completion" time="0.239" /><testcase classname="tests.test_access_reviews" name="test_worker_starts_the_next_scheduled_campaign_only_when_the_previous_one_is_closed" time="0.277" /><testcase classname="tests.test_access_reviews" name="test_editing_to_a_fixed_schedule_replaces_repeat_after_completion" time="0.282" /><testcase classname="tests.test_access_reviews" name="test_group_owners_can_be_set_and_are_suggested_as_reviewers" time="0.246" /><testcase classname="tests.test_access_reviews" name="test_outcomes_separate_approved_revoked_and_auto_revoked" time="0.343" /><testcase classname="tests.test_access_reviews" name="test_keep_on_no_response_auto_approves_instead_of_revoking" time="0.240" /><testcase classname="tests.test_access_reviews" name="test_no_suggestion_for_a_fresh_compliant_item" time="0.233" /><testcase classname="tests.test_access_reviews" name="test_suggests_revoke_for_dormant_access" time="0.277" /><testcase classname="tests.test_access_reviews" name="test_suggests_revoke_for_an_open_sod_conflict" time="0.262" /><testcase classname="tests.test_access_reviews" name="test_campaign_report_pdf_is_a_real_pdf_covering_the_decided_item" time="0.572" /><testcase classname="tests.test_access_reviews" name="test_campaign_export_csv_lists_the_decided_item" time="0.290" /><testcase classname="tests.test_access_reviews" name="test_a_plain_user_cannot_export_or_report_on_a_campaign" time="0.236" /><testcase classname="tests.test_accounts" name="test_listing_mirrors_the_primary_account_and_shows_every_idp" time="0.230" /><testcase classname="tests.test_accounts" name="test_disable_all_reaches_every_idp_and_enable_all_restores_them" time="0.277" /><testcase classname="tests.test_accounts" name="test_one_directory_failing_is_reported_and_does_not_block_the_others" time="0.230" /><testcase classname="tests.test_accounts" name="test_a_single_account_can_be_toggled_and_an_admin_cannot_disable_themselves" time="0.226" /><testcase classname="tests.test_accounts" name="test_account_endpoints_are_admin_only" time="0.180" /><testcase classname="tests.test_application_assignments" name="test_create_application_assignment_is_eligible_then_activation_grants_real_app_role" time="0.236" /><testcase classname="tests.test_application_assignments" name="test_application_assignment_requires_app_role_external_id" time="0.192" /><testcase classname="tests.test_application_assignments" name="test_application_assignment_unknown_role_returns_404" time="0.195" /><testcase classname="tests.test_application_assignments" name="test_application_assignment_unknown_application_returns_404" time="0.243" /><testcase classname="tests.test_application_assignments" name="test_activating_same_application_and_role_supersedes_the_other_eligible_one" time="0.244" /><testcase classname="tests.test_application_assignments" name="test_different_role_on_same_application_does_not_supersede" time="0.249" /><testcase classname="tests.test_application_assignments" name="test_pending_application_approval_does_not_touch_existing_role_until_approved" time="0.262" /><testcase classname="tests.test_application_assignments" name="test_activating_an_approved_application_request_supersedes_the_existing_role_assignment" time="0.312" /><testcase classname="tests.test_application_assignments" name="test_expiring_a_temporary_application_assignment_revokes_real_app_role" time="0.215" /><testcase classname="tests.test_assignment_provider_failures" name="test_create_assignment_never_calls_the_provider_and_always_succeeds" time="0.211" /><testcase classname="tests.test_assignment_provider_failures" name="test_activate_does_not_activate_when_graph_grant_fails" time="0.230" /><testcase classname="tests.test_assignment_provider_failures" name="test_approve_never_calls_the_provider_and_always_succeeds" time="0.218" /><testcase classname="tests.test_assignment_provider_failures" name="test_activating_an_approved_assignment_does_not_activate_when_graph_grant_fails" time="0.225" /><testcase classname="tests.test_assignment_provider_failures" name="test_expiration_worker_does_not_expire_when_graph_revoke_fails" time="0.234" /><testcase classname="tests.test_assignment_workflow_routing" name="test_workflow_routed_assignment_lands_pending_approval_with_no_single_approver" time="0.313" /><testcase classname="tests.test_assignment_workflow_routing" name="test_condition_payload_comes_from_the_real_target_users_department_column" time="0.257" /><testcase classname="tests.test_assignment_workflow_routing" name="test_completing_the_workflow_approved_flips_assignment_to_eligible_never_active" time="0.288" /><testcase classname="tests.test_assignment_workflow_routing" name="test_completing_the_workflow_rejected_flips_assignment_to_rejected" time="0.375" /><testcase classname="tests.test_assignment_workflow_routing" name="test_cancelling_an_assignment_routed_workflow_rejects_the_assignment" time="0.285" /><testcase classname="tests.test_assignment_workflow_routing" name="test_workflow_definition_id_is_mutually_exclusive_with_approver_and_bypass" time="0.217" /><testcase classname="tests.test_assignment_workflow_routing" name="test_a_disabled_or_unknown_workflow_is_rejected" time="0.218" /><testcase classname="tests.test_assignment_workflow_routing" name="test_business_role_assign_can_be_routed_through_a_workflow" time="0.242" /><testcase classname="tests.test_assignment_workflow_routing" name="test_package_assign_to_one_user_can_be_routed_through_a_workflow" time="0.268" /><testcase classname="tests.test_assignment_workflow_routing" name="test_package_group_fanout_can_also_be_routed_through_a_workflow_independently_per_member" time="0.283" /><testcase classname="tests.test_assignments" name="test_create_assignment_without_approver_is_eligible_not_active" time="0.202" /><testcase classname="tests.test_assignments" name="test_create_assignment_with_future_start_time_is_eligible_with_future_start" time="0.209" /><testcase classname="tests.test_assignments" name="test_activation_worker_grants_access_once_start_time_arrives" time="0.194" /><testcase classname="tests.test_assignments" name="test_activation_worker_does_not_activate_when_graph_grant_fails" time="0.201" /><testcase classname="tests.test_assignments" name="test_approving_a_future_dated_assignment_is_eligible_not_active" time="0.243" /><testcase classname="tests.test_assignments" name="test_create_assignment_with_approver_is_pending" time="0.239" /><testcase classname="tests.test_assignments" name="test_temporary_assignment_requires_expiration_time" time="0.239" /><testcase classname="tests.test_assignments" name="test_approve_pending_assignment_makes_it_eligible_then_activation_grants_real_access" time="0.295" /><testcase classname="tests.test_assignments" name="test_reject_pending_assignment" time="0.235" /><testcase classname="tests.test_assignments" name="test_cannot_approve_already_decided_assignment" time="0.259" /><testcase classname="tests.test_assignments" name="test_designated_approver_who_is_a_normal_user_can_approve" time="0.233" /><testcase classname="tests.test_assignments" name="test_non_approver_normal_user_cannot_approve" time="0.213" /><testcase classname="tests.test_assignments" name="test_my_approvals_lists_only_assignments_where_caller_is_approver" time="0.220" /><testcase classname="tests.test_assignments" name="test_approver_is_recognized_via_oid_not_pairwise_sub" time="0.224" /><testcase classname="tests.test_assignments" name="test_create_assignment_denied_for_normal_user" time="0.189" /><testcase classname="tests.test_assignments" name="test_create_assignment_unknown_group_returns_404" time="0.203" /><testcase classname="tests.test_assignments" name="test_creating_two_eligible_assignments_to_same_target_does_not_supersede_until_activated" time="0.234" /><testcase classname="tests.test_assignments" name="test_activating_an_eligible_assignment_supersedes_the_other_eligible_one_to_same_target" time="0.423" /><testcase classname="tests.test_assignments" name="test_pending_approval_request_does_not_touch_existing_access_until_approved" time="0.257" /><testcase classname="tests.test_assignments" name="test_approving_a_request_does_not_touch_existing_access_until_activated" time="0.304" /><testcase classname="tests.test_assignments" name="test_assigning_a_different_resource_does_not_touch_unrelated_assignment" time="0.250" /><testcase classname="tests.test_assignments" name="test_list_assignments_returns_created_ones" time="0.246" /><testcase classname="tests.test_assignments" name="test_activate_eligible_assignment_grants_real_access_for_chosen_duration" time="0.264" /><testcase classname="tests.test_assignments" name="test_activating_a_group_assignment_immediately_records_local_membership" time="0.293" /><testcase classname="tests.test_assignments" name="test_activate_rejects_duration_exceeding_provider_cap" time="0.214" /><testcase classname="tests.test_assignments" name="test_activate_denied_for_someone_other_than_the_assignment_user_or_admin" time="0.227" /><testcase classname="tests.test_assignments" name="test_target_user_can_activate_their_own_eligible_assignment" time="0.278" /><testcase classname="tests.test_assignments" name="test_cannot_activate_already_active_assignment" time="0.318" /><testcase classname="tests.test_assignments" name="test_list_my_assignments_returns_only_callers_own" time="0.220" /><testcase classname="tests.test_assignments" name="test_activation_policy_reflects_admin_configured_cap" time="0.177" /><testcase classname="tests.test_assignments" name="test_expiration_worker_expires_due_temporary_assignments" time="0.211" /><testcase classname="tests.test_assignments" name="test_expiration_worker_reverts_due_permanent_assignments_to_eligible_not_expired" time="0.197" /><testcase classname="tests.test_assignments" name="test_expiration_worker_expires_eligible_assignments_never_activated_by_deadline" time="0.190" /><testcase classname="tests.test_assignments" name="test_target_user_can_deactivate_their_own_active_assignment" time="0.239" /><testcase classname="tests.test_assignments" name="test_deactivated_assignment_can_be_activated_again" time="0.276" /><testcase classname="tests.test_assignments" name="test_cannot_deactivate_an_assignment_that_is_not_active" time="0.191" /><testcase classname="tests.test_assignments" name="test_deactivate_is_denied_to_someone_other_than_the_target_user_or_admin" time="0.218" /><testcase classname="tests.test_assignments" name="test_create_assignment_requires_a_real_justification" time="0.188" /><testcase classname="tests.test_assignments" name="test_approve_requires_a_real_justification" time="0.205" /><testcase classname="tests.test_assignments" name="test_activate_requires_a_real_justification" time="0.238" /><testcase classname="tests.test_assignments" name="test_bypass_activation_grants_real_access_immediately" time="0.263" /><testcase classname="tests.test_assignments" name="test_bypass_activation_rejects_combination_with_approver" time="0.185" /><testcase classname="tests.test_assignments" name="test_bypass_activation_cannot_be_deactivated_by_the_end_user" time="0.223" /><testcase classname="tests.test_assignments" name="test_admin_can_still_deactivate_a_bypass_activation_assignment" time="0.238" /><testcase classname="tests.test_assignments" name="test_bypass_activation_with_future_start_time_schedules_it" time="0.249" /><testcase classname="tests.test_assignments" name="test_bypass_activation_supersedes_existing_active_assignment_immediately" time="0.299" /><testcase classname="tests.test_assignments" name="test_bypass_activation_does_not_persist_when_grant_fails" time="0.210" /><testcase classname="tests.test_assignments" name="test_admin_can_revoke_an_active_assignment" time="0.238" /><testcase classname="tests.test_assignments" name="test_admin_can_revoke_an_eligible_assignment_with_no_real_access_yet" time="0.347" /><testcase classname="tests.test_assignments" name="test_revoke_requires_a_real_justification" time="0.208" /><testcase classname="tests.test_assignments" name="test_revoke_denied_to_a_normal_user" time="0.199" /><testcase classname="tests.test_assignments" name="test_cannot_revoke_an_assignment_already_in_a_final_state" time="0.223" /><testcase classname="tests.test_audit_logs" name="test_reassigning_same_group_is_visible_in_audit_logs" time="0.317" /><testcase classname="tests.test_audit_logs" name="test_assignment_audit_entries_include_target_user_detail" time="0.214" /><testcase classname="tests.test_audit_logs" name="test_audit_logs_denied_for_normal_user" time="0.178" /><testcase classname="tests.test_auth" name="test_valid_user_token" time="0.010" /><testcase classname="tests.test_auth" name="test_invalid_signature" time="0.072" /><testcase classname="tests.test_auth" name="test_expired_wrong_audience_issuer_tenant_and_missing_role" time="0.012" /><testcase classname="tests.test_auth" name="test_missing_token_is_401_and_user_admin_endpoint_is_403" time="0.011" /><testcase classname="tests.test_auth" name="test_admin_access_and_me" time="0.027" /><testcase classname="tests.test_birthright" name="test_admin_can_create_a_birthright_policy" time="0.201" /><testcase classname="tests.test_birthright" name="test_duplicate_policy_name_is_rejected" time="0.207" /><testcase classname="tests.test_birthright" name="test_policy_referencing_a_nonexistent_group_is_rejected" time="0.187" /><testcase classname="tests.test_birthright" name="test_a_joiner_matching_a_birthright_policy_gets_an_eligible_grant_to_self_activate" time="0.351" /><testcase classname="tests.test_birthright" name="test_a_non_matching_department_gets_no_birthright_assignment" time="0.233" /><testcase classname="tests.test_birthright" name="test_re_committing_an_unchanged_identity_does_not_duplicate_the_birthright_assignment" time="0.317" /><testcase classname="tests.test_birthright" name="test_disabling_a_policy_stops_it_from_matching_new_joiners" time="0.262" /><testcase classname="tests.test_birthright" name="test_deleting_a_policy_removes_it_from_the_list" time="0.251" /><testcase classname="tests.test_birthright" name="test_manual_evaluate_endpoint_applies_policies_to_an_already_synced_identity" time="0.269" /><testcase classname="tests.test_birthright" name="test_reconciliation_revokes_a_birthright_grant_once_its_policy_is_disabled" time="0.246" /><testcase classname="tests.test_birthright" name="test_a_birthright_policy_can_grant_a_package" time="0.229" /><testcase classname="tests.test_birthright" name="test_re_evaluating_a_package_birthright_policy_does_not_duplicate_items" time="0.229" /><testcase classname="tests.test_birthright" name="test_package_birthright_grants_are_linked_to_their_package_and_backfill_repairs_old_ones" time="0.275" /><testcase classname="tests.test_birthright" name="test_reconciliation_revokes_every_item_of_a_disabled_package_birthright_policy" time="0.275" /><testcase classname="tests.test_birthright" name="test_a_birthright_policy_referencing_a_nonexistent_package_is_rejected" time="0.180" /><testcase classname="tests.test_birthright" name="test_a_birthright_policy_can_grant_a_business_role" time="0.214" /><testcase classname="tests.test_birthright" name="test_re_evaluating_a_business_role_birthright_policy_does_not_duplicate_items" time="0.254" /><testcase classname="tests.test_birthright" name="test_reconciliation_revokes_every_item_of_a_disabled_business_role_birthright_policy" time="0.259" /><testcase classname="tests.test_birthright" name="test_a_birthright_policy_referencing_a_nonexistent_business_role_is_rejected" time="0.191" /><testcase classname="tests.test_birthright" name="test_a_non_active_business_role_grants_nothing" time="0.194" /><testcase classname="tests.test_birthright" name="test_creating_a_policy_via_json_matches_the_requested_shape" time="0.213" /><testcase classname="tests.test_birthright" name="test_json_policy_grants_only_when_all_and_conditions_match" time="0.228" /><testcase classname="tests.test_birthright" name="test_json_policy_with_or_operator_matches_either_condition" time="0.202" /><testcase classname="tests.test_birthright" name="test_viewing_a_legacy_policy_as_json_wraps_its_single_condition_and_action" time="0.208" /><testcase classname="tests.test_birthright" name="test_editing_a_legacy_policy_as_json_converts_it_to_advanced_mode" time="0.210" /><testcase classname="tests.test_birthright" name="test_non_sticky_policy_grant_is_revoked_when_condition_stops_matching" time="0.228" /><testcase classname="tests.test_birthright" name="test_sticky_policy_grant_survives_when_condition_stops_matching" time="0.387" /><testcase classname="tests.test_birthright" name="test_json_policy_rejects_disabling_audit" time="0.194" /><testcase classname="tests.test_birthright" name="test_json_policy_rejects_an_unsupported_condition_field" time="0.172" /><testcase classname="tests.test_birthright" name="test_json_policy_rejects_a_resource_that_does_not_exist" time="0.181" /><testcase classname="tests.test_birthright" name="test_resolve_actions_reports_found_and_not_found_resources_without_saving" time="0.191" /><testcase classname="tests.test_birthright" name="test_resolve_actions_requires_policy_create_permission" time="0.174" /><testcase classname="tests.test_birthright" name="test_json_policy_rejects_an_application_action_with_no_app_role" time="0.206" /><testcase classname="tests.test_birthright" name="test_json_policy_rejects_a_non_birthright_policy_type" time="0.182" /><testcase classname="tests.test_birthright" name="test_a_normal_user_cannot_manage_birthright_policies" time="0.192" /><testcase classname="tests.test_birthright" name="test_creating_a_policy_immediately_grants_everyone_it_already_matches" time="0.233" /><testcase classname="tests.test_birthright" name="test_fixing_a_typo_in_a_policy_takes_effect_at_once_and_a_wrong_edit_takes_access_back" time="0.270" /><testcase classname="tests.test_birthright" name="test_disabling_a_policy_revokes_what_it_granted_and_manual_grants_are_untouched" time="0.273" /><testcase classname="tests.test_birthright" name="test_department_policy_returns_soft_warnings_but_still_saves" time="0.266" /><testcase classname="tests.test_bootstrap" name="test_password_hash_roundtrip" time="0.431" /><testcase classname="tests.test_bootstrap" name="test_password_hash_is_salted_differently_each_time" time="0.290" /><testcase classname="tests.test_bootstrap" name="test_setup_is_needed_with_nothing_configured" time="0.164" /><testcase classname="tests.test_bootstrap" name="test_setup_is_not_needed_when_env_entra_is_configured" time="0.166" /><testcase classname="tests.test_bootstrap" name="test_setup_is_not_needed_when_a_portal_auth_config_is_active" time="0.209" /><testcase classname="tests.test_bootstrap" name="test_setup_is_still_needed_when_a_portal_auth_config_exists_but_is_inactive" time="0.170" /><testcase classname="tests.test_bootstrap" name="test_ensure_bootstrap_credential_generates_once_and_is_idempotent" time="0.329" /><testcase classname="tests.test_bootstrap" name="test_ensure_bootstrap_credential_does_nothing_when_setup_is_not_needed" time="0.164" /><testcase classname="tests.test_bootstrap" name="test_bootstrap_login_succeeds_and_issues_a_valid_setup_session" time="0.542" /><testcase classname="tests.test_bootstrap" name="test_bootstrap_login_fails_with_wrong_password" time="0.491" /><testcase classname="tests.test_bootstrap" name="test_setup_session_becomes_invalid_after_setup_completes" time="0.450" /><testcase classname="tests.test_bootstrap" name="test_a_setup_session_token_cannot_be_forged_with_a_different_secret" time="0.372" /><testcase classname="tests.test_bootstrap" name="test_status_endpoint_reflects_whether_setup_is_needed" time="0.291" /><testcase classname="tests.test_bootstrap" name="test_bootstrap_login_endpoint_end_to_end" time="0.800" /><testcase classname="tests.test_bootstrap" name="test_a_setup_session_token_is_rejected_by_a_real_authenticated_endpoint" time="0.490" /><testcase classname="tests.test_bootstrap" name="test_decode_setup_session_rejects_a_token_with_no_relation_to_any_bootstrap_credential" time="0.336" /><testcase classname="tests.test_branding" name="test_defaults_are_all_null_and_readable_with_no_auth_at_all" time="0.175" /><testcase classname="tests.test_branding" name="test_a_normal_user_cannot_update_branding" time="0.166" /><testcase classname="tests.test_branding" name="test_admin_can_update_branding_and_it_persists_and_is_publicly_readable" time="0.178" /><testcase classname="tests.test_branding" name="test_non_image_data_uri_is_rejected" time="0.175" /><testcase classname="tests.test_branding" name="test_svg_data_uri_is_rejected" time="0.175" /><testcase classname="tests.test_branding" name="test_oversized_logo_is_rejected" time="0.193" /><testcase classname="tests.test_business_role_owners" name="test_admin_can_set_owners_when_creating_a_business_role" time="0.226" /><testcase classname="tests.test_business_role_owners" name="test_owner_can_rename_and_remove_an_item_but_not_the_last_one" time="0.318" /><testcase classname="tests.test_business_role_owners" name="test_a_non_owner_cannot_rename_or_remove_items" time="0.309" /><testcase classname="tests.test_business_role_owners" name="test_owner_cannot_use_the_admin_business_role_endpoints" time="0.224" /><testcase classname="tests.test_business_role_owners" name="test_business_role_owner_is_suggested_as_reviewer_and_items_report_their_role" time="0.275" /><testcase classname="tests.test_business_roles" name="test_create_business_role_with_items_and_owner_and_resource_reference_fields" time="0.243" /><testcase classname="tests.test_business_roles" name="test_one_entitlement_can_only_map_to_one_business_role_at_a_time" time="0.228" /><testcase classname="tests.test_business_roles" name="test_resource_code_must_be_unique_across_resources" time="0.201" /><testcase classname="tests.test_business_roles" name="test_unmapped_entitlements_lists_everything_not_on_a_business_role" time="0.289" /><testcase classname="tests.test_business_roles" name="test_update_edit_status_lifecycle_and_an_archived_role_cannot_reactivate" time="0.284" /><testcase classname="tests.test_business_roles" name="test_delete_with_no_history_hard_deletes" time="0.244" /><testcase classname="tests.test_business_roles" name="test_business_role_endpoints_are_admin_only" time="0.206" /><testcase classname="tests.test_business_roles" name="test_duplicate_name_and_unknown_target_are_rejected" time="0.204" /><testcase classname="tests.test_business_roles" name="test_assigning_an_active_role_fans_out_to_every_mapped_item" time="0.332" /><testcase classname="tests.test_business_roles" name="test_an_assigned_role_archives_on_delete_instead_of_hard_deleting" time="0.292" /><testcase classname="tests.test_business_roles" name="test_assigning_a_role_with_no_items_or_an_unknown_user_is_rejected" time="0.250" /><testcase classname="tests.test_business_roles" name="test_assign_endpoint_is_admin_only" time="0.263" /><testcase classname="tests.test_business_roles" name="test_approver_sees_the_business_role_name_on_a_pending_item" time="0.247" /><testcase classname="tests.test_business_roles" name="test_assignment_batches_group_a_multi_item_role_grant_into_one_row" time="0.270" /><testcase classname="tests.test_business_roles" name="test_my_assignment_batches_scopes_to_the_approver_and_batches_pending_items" time="0.257" /><testcase classname="tests.test_business_roles" name="test_analytics_reports_counts_no_owners_unmapped_and_open_sod_conflicts" time="0.301" /><testcase classname="tests.test_business_roles" name="test_analytics_endpoint_is_admin_only" time="0.179" /><testcase classname="tests.test_dashboard" name="test_admin_dashboard_counts_active_pending_and_expiring_access" time="0.197" /><testcase classname="tests.test_dashboard" name="test_privileged_role_activation_timeline_counts_privileged_roles_only" time="0.294" /><testcase classname="tests.test_dashboard" name="test_privileged_role_activation_timeline_credits_assignment_owner_not_admin_actor" time="0.397" /><testcase classname="tests.test_dashboard" name="test_user_access_segments_splits_permanent_active_from_eligible_without_double_counting" time="0.181" /><testcase classname="tests.test_dashboard" name="test_user_access_segment_members_returns_empty_list_for_unknown_segment" time="0.185" /><testcase classname="tests.test_departments" name="test_admin_can_add_departments" time="0.183" /><testcase classname="tests.test_departments" name="test_duplicate_department_name_is_rejected" time="0.178" /><testcase classname="tests.test_departments" name="test_admin_can_delete_a_department" time="0.188" /><testcase classname="tests.test_departments" name="test_a_normal_user_cannot_manage_departments" time="0.176" /><testcase classname="tests.test_departments" name="test_admin_can_set_and_clear_a_departments_manager" time="0.239" /><testcase classname="tests.test_departments" name="test_setting_an_unknown_manager_is_rejected" time="0.205" /><testcase classname="tests.test_directory_api" name="test_users_groups_roles_empty_state_for_admin" time="0.180" /><testcase classname="tests.test_directory_api" name="test_normal_user_cannot_read_directory" time="0.175" /><testcase classname="tests.test_directory_api" name="test_users_and_groups_reflect_seeded_data" time="0.200" /><testcase classname="tests.test_directory_api" name="test_create_group_success_and_duplicate" time="0.188" /><testcase classname="tests.test_directory_api" name="test_post_users_no_longer_exists" time="0.166" /><testcase classname="tests.test_directory_api" name="test_a_new_group_can_be_created_with_a_label" time="0.177" /><testcase classname="tests.test_directory_api" name="test_group_label_survives_a_resync" time="0.176" /><testcase classname="tests.test_directory_api" name="test_dashboard_admin_returns_real_counts" time="0.209" /><testcase classname="tests.test_directory_api" name="test_dashboard_admin_denied_for_normal_user" time="0.168" /><testcase classname="tests.test_directory_api" name="test_user_access_summary_lists_active_assignments_and_package_name" time="0.208" /><testcase classname="tests.test_directory_api" name="test_user_access_summary_includes_eligible_assignments" time="0.199" /><testcase classname="tests.test_directory_api" name="test_user_access_summary_includes_group_membership_added_directly_in_entra" time="0.190" /><testcase classname="tests.test_directory_api" name="test_user_access_summary_does_not_duplicate_group_tracked_by_both_sync_and_accesspilot" time="0.200" /><testcase classname="tests.test_directory_api" name="test_user_access_summary_includes_application_role_assigned_directly_in_entra" time="0.193" /><testcase classname="tests.test_directory_api" name="test_user_access_summary_does_not_duplicate_application_role_tracked_by_accesspilot" time="0.202" /><testcase classname="tests.test_directory_api" name="test_user_access_summary_denied_for_normal_user" time="0.171" /><testcase classname="tests.test_directory_api" name="test_updating_a_users_department_pushes_a_real_write_to_the_provider_first" time="0.192" /><testcase classname="tests.test_directory_api" name="test_updating_department_triggers_birthright_reconciliation" time="0.296" /><testcase classname="tests.test_directory_api" name="test_reconciliation_never_touches_a_manually_granted_assignment" time="0.222" /><testcase classname="tests.test_directory_api" name="test_group_access_summary_reports_members_packages_and_policies" time="0.226" /><testcase classname="tests.test_directory_sync" name="test_sync_populates_users_groups_roles_and_memberships" time="0.212" /><testcase classname="tests.test_directory_sync" name="test_sync_is_idempotent_when_run_twice" time="0.248" /><testcase classname="tests.test_directory_sync" name="test_a_department_change_picked_up_by_sync_triggers_birthright_reconciliation" time="0.247" /><testcase classname="tests.test_directory_sync" name="test_joining_and_leaving_a_mapped_group_via_sync_triggers_group_role_mapping_reconciliation" time="0.347" /><testcase classname="tests.test_directory_sync" name="test_sync_removes_stale_membership_when_member_leaves" time="0.241" /><testcase classname="tests.test_directory_sync" name="test_sync_revokes_active_assignment_when_member_removed_directly_in_entra" time="0.244" /><testcase classname="tests.test_directory_sync" name="test_sync_records_group_member_error_without_failing_whole_run" time="0.203" /><testcase classname="tests.test_directory_sync" name="test_sync_failure_marks_run_failed_and_audits" time="0.200" /><testcase classname="tests.test_directory_sync" name="test_a_status_or_email_change_now_triggers_reconcile_but_a_name_change_does_not" time="0.323" /><testcase classname="tests.test_directory_sync" name="test_a_department_move_seen_by_sync_records_an_event_and_starts_the_leftover_review" time="0.297" /><testcase classname="tests.test_directory_sync" name="test_a_person_disabled_in_the_directory_is_treated_as_a_leaver" time="0.283" /><testcase classname="tests.test_directory_sync" name="test_with_directory_revocation_switched_off_the_leaver_is_recorded_but_keeps_access" time="0.259" /><testcase classname="tests.test_directory_sync" name="test_people_first_seen_by_sync_are_recorded_as_joiners" time="0.226" /><testcase classname="tests.test_entitlement_catalog" name="test_listing_the_catalog_creates_a_blank_entry_for_every_real_entitlement" time="0.195" /><testcase classname="tests.test_entitlement_catalog" name="test_listing_twice_does_not_duplicate_entries" time="0.196" /><testcase classname="tests.test_entitlement_catalog" name="test_admin_can_set_description_risk_tier_and_owner" time="0.195" /><testcase classname="tests.test_entitlement_catalog" name="test_an_invalid_risk_tier_is_rejected" time="0.204" /><testcase classname="tests.test_entitlement_catalog" name="test_updating_a_nonexistent_entry_404s" time="0.174" /><testcase classname="tests.test_entitlement_catalog" name="test_a_normal_user_cannot_read_or_manage_the_catalog" time="0.179" /><testcase classname="tests.test_entitlement_risk_routing" name="test_admin_assign_package_with_a_critical_item_is_blocked_without_a_workflow" time="0.230" /><testcase classname="tests.test_entitlement_risk_routing" name="test_admin_assign_package_with_a_critical_item_succeeds_once_a_workflow_is_attached" time="0.267" /><testcase classname="tests.test_entitlement_risk_routing" name="test_a_low_risk_package_item_is_never_blocked" time="0.235" /><testcase classname="tests.test_entitlement_risk_routing" name="test_self_service_package_request_with_a_high_risk_item_is_blocked_without_a_workflow" time="0.250" /><testcase classname="tests.test_entitlement_risk_routing" name="test_business_role_assign_with_a_critical_item_is_blocked_without_a_workflow" time="0.460" /><testcase classname="tests.test_entra_assignment_provisioning" name="test_add_group_member_posts_odata_ref" time="0.006" /><testcase classname="tests.test_entra_assignment_provisioning" name="test_add_group_member_already_member_is_idempotent_success" time="0.007" /><testcase classname="tests.test_entra_assignment_provisioning" name="test_add_group_member_already_member_via_real_graph_400_is_idempotent_success" time="0.007" /><testcase classname="tests.test_entra_assignment_provisioning" name="test_add_group_member_genuine_400_still_raises" time="0.006" /><testcase classname="tests.test_entra_assignment_provisioning" name="test_add_group_member_permission_denied_raises" time="0.007" /><testcase classname="tests.test_entra_assignment_provisioning" name="test_remove_group_member_deletes_ref" time="0.006" /><testcase classname="tests.test_entra_assignment_provisioning" name="test_remove_group_member_already_gone_is_idempotent_success" time="0.007" /><testcase classname="tests.test_entra_assignment_provisioning" name="test_activate_assignment_dispatches_to_role_member_add" time="0.005" /><testcase classname="tests.test_entra_assignment_provisioning" name="test_revoke_assignment_dispatches_to_group_member_remove" time="0.005" /><testcase classname="tests.test_entra_assignment_provisioning" name="test_activate_assignment_missing_fields_raises_validation_error" time="0.002" /><testcase classname="tests.test_entra_provider" name="test_a_managed_identity_service_principal_is_classified_as_managed_identity" time="0.001" /><testcase classname="tests.test_entra_provider" name="test_a_regular_application_service_principal_is_classified_as_service_principal" time="0.001" /><testcase classname="tests.test_entra_provider" name="test_the_earliest_of_several_credentials_is_used_for_expiry" time="0.001" /><testcase classname="tests.test_entra_provider" name="test_set_application_enabled_sends_a_patch_with_the_requested_state" time="0.005" /><testcase classname="tests.test_entra_provider" name="test_get_application_permissions_maps_app_role_assignments" time="0.006" /><testcase classname="tests.test_entra_provider" name="test_get_users_maps_graph_fields" time="0.006" /><testcase classname="tests.test_entra_provider" name="test_get_groups_marks_role_assignable_as_privileged" time="0.007" /><testcase classname="tests.test_entra_provider" name="test_get_group_members_paginates" time="0.006" /><testcase classname="tests.test_entra_provider" name="test_get_roles_flags_administrator_roles" time="0.006" /><testcase classname="tests.test_entra_provider" name="test_create_user_detects_duplicate" time="0.006" /><testcase classname="tests.test_entra_provider" name="test_create_user_success_returns_password_once" time="0.006" /><testcase classname="tests.test_entra_provider" name="test_create_user_preserves_department_and_job_title_even_though_graph_omits_them_from_the_response" time="0.007" /><testcase classname="tests.test_entra_provider" name="test_create_group_detects_duplicate" time="0.008" /><testcase classname="tests.test_entra_provider" name="test_graph_permission_denied_is_mapped" time="0.010" /><testcase classname="tests.test_entra_provider" name="test_missing_client_secret_raises_authentication_failed" time="0.007" /><testcase classname="tests.test_errors" name="test_missing_route_does_not_expose_internal_details" time="0.006" /><testcase classname="tests.test_foundation" name="test_health_and_request_id" time="0.004" /><testcase classname="tests.test_foundation" name="test_unknown_dashboard_scope_returns_not_found" time="0.004" /><testcase classname="tests.test_foundation" name="test_database_metadata_creates_all_documented_tables" time="0.164" /><testcase classname="tests.test_foundation" name="test_mock_provider_normalizes_and_mutates" time="0.003" /><testcase classname="tests.test_foundation" name="test_configuration_accepts_reserved_entra_mode_for_phase_two" time="0.003" /><testcase classname="tests.test_graph_client" name="test_get_all_follows_odata_next_link" time="0.003" /><testcase classname="tests.test_graph_client" name="test_token_reused_across_requests" time="0.003" /><testcase classname="tests.test_graph_client" name="test_error_status_codes_map_to_stable_codes[401-PROVIDER_AUTHENTICATION_FAILED]" time="0.004" /><testcase classname="tests.test_graph_client" name="test_error_status_codes_map_to_stable_codes[403-PROVIDER_PERMISSION_DENIED]" time="0.003" /><testcase classname="tests.test_graph_client" name="test_error_status_codes_map_to_stable_codes[404-PROVIDER_RESOURCE_NOT_FOUND]" time="0.003" /><testcase classname="tests.test_graph_client" name="test_error_status_codes_map_to_stable_codes[409-PROVIDER_CONFLICT]" time="0.003" /><testcase classname="tests.test_graph_client" name="test_error_status_codes_map_to_stable_codes[429-GRAPH_THROTTLED]" time="0.003" /><testcase classname="tests.test_graph_client" name="test_error_status_codes_map_to_stable_codes[500-PROVIDER_UNAVAILABLE]" time="0.003" /><testcase classname="tests.test_graph_client" name="test_token_request_failure_is_authentication_failed" time="0.003" /><testcase classname="tests.test_graph_client" name="test_get_one_returns_none_on_404" time="0.004" /><testcase classname="tests.test_group_labels" name="test_admin_can_add_group_labels" time="0.176" /><testcase classname="tests.test_group_labels" name="test_duplicate_group_label_name_is_rejected" time="0.183" /><testcase classname="tests.test_group_labels" name="test_admin_can_delete_a_group_label" time="0.184" /><testcase classname="tests.test_group_labels" name="test_a_normal_user_cannot_manage_group_labels" time="0.168" /><testcase classname="tests.test_group_owner_self_service" name="test_owner_can_edit_description_and_label_but_group_name_never_changes" time="0.194" /><testcase classname="tests.test_group_owner_self_service" name="test_a_non_owner_cannot_edit_the_group_or_see_it_in_owned" time="0.176" /><testcase classname="tests.test_group_owner_self_service" name="test_owner_cannot_use_the_admin_group_management_endpoints" time="0.172" /><testcase classname="tests.test_group_owner_self_service" name="test_owner_update_is_partial_leaving_unset_fields_untouched" time="0.202" /><testcase classname="tests.test_group_owner_self_service" name="test_updating_a_nonexistent_group_404s" time="0.171" /><testcase classname="tests.test_group_role_mapping" name="test_admin_can_create_a_group_role_mapping" time="0.206" /><testcase classname="tests.test_group_role_mapping" name="test_creating_a_mapping_instantly_grants_every_current_member" time="0.234" /><testcase classname="tests.test_group_role_mapping" name="test_disabling_a_mapping_instantly_revokes_current_holders" time="0.266" /><testcase classname="tests.test_group_role_mapping" name="test_deleting_a_mapping_instantly_revokes_current_holders" time="0.272" /><testcase classname="tests.test_group_role_mapping" name="test_creating_a_mapping_to_a_business_role_instantly_grants_every_item" time="0.223" /><testcase classname="tests.test_group_role_mapping" name="test_disabling_a_business_role_mapping_instantly_revokes_every_item" time="0.261" /><testcase classname="tests.test_group_role_mapping" name="test_a_business_role_mapping_rejects_an_unknown_role" time="0.184" /><testcase classname="tests.test_group_role_mapping" name="test_a_non_active_business_role_mapping_grants_nothing" time="0.255" /><testcase classname="tests.test_group_role_mapping" name="test_a_user_who_joins_the_mapped_group_later_gets_evaluated" time="0.303" /><testcase classname="tests.test_group_role_mapping" name="test_leaving_the_group_revokes_the_mapping_granted_assignment_but_not_a_manual_one" time="0.319" /><testcase classname="tests.test_group_role_mapping" name="test_a_normal_user_cannot_manage_group_role_mappings" time="0.198" /><testcase classname="tests.test_group_role_mapping" name="test_activating_the_group_cascades_to_activate_the_mapped_role" time="0.278" /><testcase classname="tests.test_group_role_mapping" name="test_cascade_activation_creates_the_role_assignment_if_it_didnt_exist_yet" time="0.241" /><testcase classname="tests.test_group_role_mapping" name="test_deactivating_the_group_cascades_to_deactivate_the_mapped_role" time="0.311" /><testcase classname="tests.test_group_role_mapping" name="test_revoking_the_group_cascades_to_revoke_the_mapped_role" time="0.313" /><testcase classname="tests.test_group_role_mapping" name="test_cascade_never_touches_a_manually_granted_role_to_the_same_user" time="0.336" /><testcase classname="tests.test_identity_edit_workflow" name="test_workflow_routed_attribute_edit_defers_the_real_write_until_approved" time="0.241" /><testcase classname="tests.test_identity_edit_workflow" name="test_approving_the_attribute_change_applies_the_write_and_reconciles_birthright" time="0.359" /><testcase classname="tests.test_identity_edit_workflow" name="test_rejecting_the_attribute_change_leaves_the_user_untouched" time="0.277" /><testcase classname="tests.test_identity_edit_workflow" name="test_a_disabled_or_unknown_workflow_is_rejected" time="0.205" /><testcase classname="tests.test_joiner" name="test_a_future_joiner_gets_disabled_accounts_in_every_chosen_idp_and_one_time_passwords" time="0.230" /><testcase classname="tests.test_joiner" name="test_a_joiner_starting_now_is_enabled_immediately_with_eligible_access_and_notifications" time="0.238" /><testcase classname="tests.test_joiner" name="test_a_joiner_without_a_manager_is_rejected" time="0.187" /><testcase classname="tests.test_joiner" name="test_submitting_a_joiner_notifies_the_manager_for_audit" time="0.215" /><testcase classname="tests.test_joiner" name="test_the_worker_activates_due_joiners_only" time="0.266" /><testcase classname="tests.test_joiner" name="test_one_idp_failing_leaves_the_joiner_partial_and_retry_creates_it_later" time="0.396" /><testcase classname="tests.test_joiner" name="test_if_no_directory_can_create_the_account_nothing_is_saved" time="0.228" /><testcase classname="tests.test_joiner" name="test_validation_duplicates_switched_off_idps_and_csv_are_rejected" time="0.220" /><testcase classname="tests.test_joiner" name="test_idp_switches_and_username_overrides_and_cancel_and_permissions" time="0.488" /><testcase classname="tests.test_joiner" name="test_manager_is_pushed_to_each_directory_best_effort" time="0.206" /><testcase classname="tests.test_joiner" name="test_cancelling_a_joiner_can_also_delete_the_created_accounts" time="0.259" /><testcase classname="tests.test_joiner" name="test_username_follows_the_provider_policy_at_creation_time" time="0.001" /><testcase classname="tests.test_leaver" name="test_due_time_uses_the_policy_time_in_the_app_timezone" time="0.001" /><testcase classname="tests.test_leaver" name="test_the_first_matching_scoped_policy_wins_else_the_default" time="0.216" /><testcase classname="tests.test_leaver" name="test_the_leaver_runner_revokes_access_and_disables_every_idp_and_linked_accounts" time="0.255" /><testcase classname="tests.test_leaver" name="test_policy_switches_are_respected_and_group_memberships_can_be_removed" time="0.194" /><testcase classname="tests.test_leaver" name="test_one_idp_failing_is_recorded_and_the_others_still_disabled" time="0.241" /><testcase classname="tests.test_leaver" name="test_a_sync_detected_leaver_skips_the_directory_that_reported_it" time="0.219" /><testcase classname="tests.test_leaver" name="test_the_worker_runs_due_leavers_once_reminds_once_and_ignores_future_ones" time="0.268" /><testcase classname="tests.test_leaver" name="test_policy_crud_validation_and_the_default_is_protected" time="0.218" /><testcase classname="tests.test_leaver" name="test_setting_a_leaver_date_listing_it_and_starting_the_process_now" time="0.266" /><testcase classname="tests.test_leaver" name="test_clearing_the_leaver_date_cancels_it" time="0.188" /><testcase classname="tests.test_leaver" name="test_a_csv_termination_now_disables_the_real_account_and_a_csv_leaver_date_is_stored" time="0.282" /><testcase classname="tests.test_leaver" name="test_start_leaver_now_works_for_an_already_disabled_person" time="0.281" /><testcase classname="tests.test_leaver_followup" name="test_enabling_after_the_leaver_process_needs_a_request" time="0.262" /><testcase classname="tests.test_leaver_followup" name="test_request_needs_a_reason_goes_to_the_manager_and_only_the_approver_can_decide" time="0.292" /><testcase classname="tests.test_leaver_followup" name="test_rejecting_keeps_the_person_disabled_and_no_manager_falls_back_to_lifecycle_owners" time="0.249" /><testcase classname="tests.test_leaver_followup" name="test_a_leaver_date_cannot_be_edited_after_the_process_ran" time="0.226" /><testcase classname="tests.test_leaver_followup" name="test_policy_delete_after_days_deletes_accounts_from_every_idp_and_labels_the_person_deleted" time="0.253" /><testcase classname="tests.test_leaver_followup" name="test_deletion_waits_while_a_reenable_request_is_pending_and_policy_days_can_be_set_and_cleared" time="0.254" /><testcase classname="tests.test_leaver_followup" name="test_the_jml_pdf_report_is_generated_for_admins_only" time="0.311" /><testcase classname="tests.test_leaver_followup" name="test_manual_leaver_flow_justification_then_disable_then_manager_approval_then_leaver_process" time="0.285" /><testcase classname="tests.test_leaver_followup" name="test_a_denied_leaver_request_enables_the_accounts_again_and_notifies_the_admin_who_started_it" time="0.270" /><testcase classname="tests.test_leaver_followup" name="test_no_request_is_created_when_no_directory_can_disable_the_account" time="0.189" /><testcase classname="tests.test_leaver_followup" name="test_sync_alerts_when_a_processed_leaver_is_enabled_directly_in_the_directory" time="0.218" /><testcase classname="tests.test_leaver_followup" name="test_a_reactivated_leaver_can_be_sent_through_the_process_again" time="0.250" /><testcase classname="tests.test_leaver_followup" name="test_deletion_sweep_never_deletes_a_person_who_is_active_again" time="0.254" /><testcase classname="tests.test_leaver_followup" name="test_leaver_overview_shows_the_pending_request_so_a_second_click_never_looks_like_nothing_happened" time="0.315" /><testcase classname="tests.test_leaver_followup" name="test_reenable_request_can_be_scoped_to_a_single_account_leaving_the_rest_untouched" time="0.332" /><testcase classname="tests.test_leaver_followup" name="test_enable_in_all_idps_creates_an_unscoped_all_accounts_request" time="0.289" /><testcase classname="tests.test_leaver_followup" name="test_admin_can_decide_their_own_request_when_no_manager_or_other_owner_exists" time="0.267" /><testcase classname="tests.test_leaver_followup" name="test_self_approval_stays_blocked_once_a_named_approver_exists" time="0.208" /><testcase classname="tests.test_leaver_followup" name="test_manager_present_or_not_an_admin_can_always_decide_someone_elses_request" time="0.480" /><testcase classname="tests.test_leaver_followup" name="test_reenable_request_same_self_decide_rule_no_approver_vs_named_approver" time="0.289" /><testcase classname="tests.test_lifecycle" name="test_a_mover_gets_a_review_of_only_their_non_policy_access_sent_to_their_manager" time="0.219" /><testcase classname="tests.test_lifecycle" name="test_without_a_manager_the_first_lifecycle_owner_reviews_and_the_next_is_fallback" time="0.215" /><testcase classname="tests.test_lifecycle" name="test_no_manager_and_no_owners_records_the_event_but_starts_no_review" time="0.186" /><testcase classname="tests.test_lifecycle" name="test_nothing_left_to_review_or_review_disabled_or_already_open" time="0.240" /><testcase classname="tests.test_lifecycle" name="test_only_a_real_department_or_title_move_counts_as_a_mover" time="0.184" /><testcase classname="tests.test_lifecycle" name="test_lifecycle_settings_endpoints_are_admin_only_and_validate" time="0.190" /><testcase classname="tests.test_lifecycle" name="test_manager_and_lifecycle_owners_are_notified_once_and_the_mover_never_is" time="0.220" /><testcase classname="tests.test_lifecycle" name="test_movers_report_lists_events_with_review_progress_and_is_permission_gated" time="0.219" /><testcase classname="tests.test_lifecycle" name="test_a_movers_linked_privileged_and_test_accounts_are_flagged_into_the_review_but_never_disabled" time="0.206" /><testcase classname="tests.test_lifecycle" name="test_scheduling_a_move_validates_replaces_and_can_be_cancelled" time="0.240" /><testcase classname="tests.test_lifecycle" name="test_a_due_scheduled_move_is_applied_as_one_change_but_a_future_one_is_left_alone" time="0.231" /><testcase classname="tests.test_lifecycle" name="test_a_provider_failure_marks_the_move_failed_and_changes_nothing" time="0.195" /><testcase classname="tests.test_models" name="test_model_registry_contains_documented_entities" time="0.001" /><testcase classname="tests.test_nhi" name="test_no_owner_and_no_credential_data_flags_only_no_owner" time="0.001" /><testcase classname="tests.test_nhi" name="test_an_owned_application_with_no_credential_data_has_no_flags" time="0.001" /><testcase classname="tests.test_nhi" name="test_an_already_expired_credential_is_flagged_expired_not_expiring_soon" time="0.001" /><testcase classname="tests.test_nhi" name="test_a_credential_expiring_within_the_warning_window_is_flagged_expiring_soon" time="0.001" /><testcase classname="tests.test_nhi" name="test_a_credential_expiring_far_in_the_future_is_not_flagged" time="0.001" /><testcase classname="tests.test_nhi" name="test_a_plain_user_and_a_plain_admin_are_both_denied_every_nhi_endpoint" time="0.168" /><testcase classname="tests.test_nhi" name="test_nhi_admin_sees_a_synced_application_flagged_with_no_owner" time="0.181" /><testcase classname="tests.test_nhi" name="test_assigning_an_owner_clears_the_no_owner_flag" time="0.207" /><testcase classname="tests.test_nhi" name="test_nhi_admin_can_reclassify_an_identitys_type" time="0.190" /><testcase classname="tests.test_nhi" name="test_a_manual_type_override_survives_a_later_sync" time="0.176" /><testcase classname="tests.test_nhi" name="test_summary_reports_a_kpi_breakdown_by_type" time="0.185" /><testcase classname="tests.test_nhi" name="test_a_risk_exception_suppresses_its_flag_until_it_is_examined_again" time="0.188" /><testcase classname="tests.test_nhi" name="test_the_full_credential_list_is_returned_alongside_the_soonest_expiry" time="0.180" /><testcase classname="tests.test_nhi" name="test_disabling_an_identity_calls_the_provider_and_updates_status" time="0.200" /><testcase classname="tests.test_nhi" name="test_a_permission_denied_error_from_the_provider_surfaces_cleanly_on_disable" time="0.174" /><testcase classname="tests.test_nhi" name="test_activity_lists_accesspilot_actions_recorded_against_this_identity" time="0.197" /><testcase classname="tests.test_nhi" name="test_permissions_are_live_fetched_and_role_names_resolved_against_a_synced_resource" time="0.179" /><testcase classname="tests.test_notifications" name="test_admin_direct_assignment_notifies_the_target_user" time="0.202" /><testcase classname="tests.test_notifications" name="test_self_service_package_request_does_not_notify_the_requester_of_their_own_action" time="0.236" /><testcase classname="tests.test_notifications" name="test_pending_approval_notifies_the_approver" time="0.205" /><testcase classname="tests.test_notifications" name="test_approving_notifies_the_target_user" time="0.214" /><testcase classname="tests.test_notifications" name="test_rejecting_notifies_the_target_user" time="0.208" /><testcase classname="tests.test_notifications" name="test_admin_activating_on_behalf_notifies_but_self_activation_does_not" time="0.206" /><testcase classname="tests.test_notifications" name="test_self_activation_does_not_notify_yourself" time="0.220" /><testcase classname="tests.test_notifications" name="test_admin_revoke_notifies_the_target_user" time="0.209" /><testcase classname="tests.test_notifications" name="test_mark_read_and_mark_all_read" time="0.234" /><testcase classname="tests.test_notifications" name="test_notifications_are_scoped_to_the_caller" time="0.197" /><testcase classname="tests.test_okta_provider" name="test_connector_dispatches_okta_provider_for_okta_type_only" time="0.001" /><testcase classname="tests.test_okta_provider" name="test_okta_provider_requires_an_organization_url" time="0.001" /><testcase classname="tests.test_okta_provider" name="test_user_mapping_falls_back_to_login_when_no_name_is_set" time="0.001" /><testcase classname="tests.test_okta_provider" name="test_user_mapping_marks_non_active_status_as_disabled" time="0.001" /><testcase classname="tests.test_okta_provider" name="test_application_mapping_falls_back_to_a_default_access_role" time="0.001" /><testcase classname="tests.test_okta_provider" name="test_okta_client_paginates_via_link_header" time="0.003" /><testcase classname="tests.test_okta_provider" name="test_okta_client_maps_401_to_authentication_failed" time="0.003" /><testcase classname="tests.test_okta_provider" name="test_connector_uses_database_provider_record" time="0.001" /><testcase classname="tests.test_okta_provider" name="test_admin_can_create_an_okta_provider_and_configure_its_credential" time="0.174" /><testcase classname="tests.test_okta_provider" name="test_okta_sync_persists_run_and_is_listed" time="0.280" /><testcase classname="tests.test_okta_provider" name="test_okta_provider_test_connection_reports_reachable_org_with_no_credential_yet" time="0.003" /><testcase classname="tests.test_okta_provider" name="test_set_application_enabled_calls_the_lifecycle_endpoint" time="0.007" /><testcase classname="tests.test_okta_provider" name="test_get_application_permissions_maps_okta_grants" time="0.007" /><testcase classname="tests.test_onboarding" name="test_upload_creates_a_validated_import_with_two_new_identities" time="0.181" /><testcase classname="tests.test_onboarding" name="test_preview_lists_planned_action_per_row" time="0.199" /><testcase classname="tests.test_onboarding" name="test_commit_creates_identities_that_are_immediately_visible_to_the_rest_of_the_app" time="0.213" /><testcase classname="tests.test_onboarding" name="test_a_second_upload_detects_updates_and_no_change_against_committed_identities" time="0.244" /><testcase classname="tests.test_onboarding" name="test_terminated_employee_disables_the_existing_identity_on_commit" time="0.271" /><testcase classname="tests.test_onboarding" name="test_missing_required_column_fails_validation_without_creating_records" time="0.185" /><testcase classname="tests.test_onboarding" name="test_row_level_errors_are_isolated_and_do_not_block_other_rows" time="0.215" /><testcase classname="tests.test_onboarding" name="test_cannot_commit_an_import_twice" time="0.365" /><testcase classname="tests.test_onboarding" name="test_a_normal_user_cannot_upload_or_manage_onboarding" time="0.268" /><testcase classname="tests.test_onboarding" name="test_terminating_a_leaver_revokes_every_non_final_assignment_on_commit" time="0.467" /><testcase classname="tests.test_onboarding" name="test_updating_an_active_employee_never_touches_their_assignments" time="0.314" /><testcase classname="tests.test_onboarding" name="test_a_joiner_gets_exactly_one_identity_row_when_a_real_provider_is_configured" time="0.243" /><testcase classname="tests.test_onboarding" name="test_a_joiner_falls_back_to_one_csv_bookkeeping_row_when_no_real_provider_is_configured" time="0.250" /><testcase classname="tests.test_onboarding" name="test_an_identity_graduates_in_place_when_a_real_provider_becomes_available_later" time="0.248" /><testcase classname="tests.test_onboarding" name="test_a_csv_mover_loses_old_birthright_access_gains_new_and_keeps_manual_grants" time="0.598" /><testcase classname="tests.test_onboarding" name="test_a_csv_row_with_unchanged_attributes_does_not_run_the_mover_reconcile" time="0.284" /><testcase classname="tests.test_onboarding" name="test_a_csv_effective_date_schedules_a_future_move_and_leaves_the_person_untouched" time="0.309" /><testcase classname="tests.test_onboarding" name="test_csv_joiners_and_leavers_are_recorded_in_the_lifecycle_history" time="0.287" /><testcase classname="tests.test_package_owners" name="test_admin_can_set_owners_when_creating_a_package" time="0.212" /><testcase classname="tests.test_package_owners" name="test_owner_can_rename_and_remove_an_item_but_not_the_last_one" time="0.255" /><testcase classname="tests.test_package_owners" name="test_a_non_owner_cannot_rename_or_remove_items" time="0.235" /><testcase classname="tests.test_package_owners" name="test_owner_cannot_use_the_admin_package_endpoints" time="0.214" /><testcase classname="tests.test_package_owners" name="test_package_owner_is_suggested_as_reviewer_and_items_carry_their_package" time="0.257" /><testcase classname="tests.test_package_workflow_routing_extended" name="test_package_with_a_default_workflow_routes_a_self_service_request_through_it" time="0.310" /><testcase classname="tests.test_package_workflow_routing_extended" name="test_a_multi_item_package_requests_share_a_batch_id_on_workflow_requests" time="0.318" /><testcase classname="tests.test_package_workflow_routing_extended" name="test_package_level_workflow_and_default_approver_are_mutually_exclusive" time="0.235" /><testcase classname="tests.test_package_workflow_routing_extended" name="test_group_fanout_assign_with_workflow_is_no_longer_rejected_and_grants_independent_instances" time="0.323" /><testcase classname="tests.test_package_workflow_routing_extended" name="test_a_disabled_or_unknown_package_workflow_is_rejected" time="0.250" /><testcase classname="tests.test_packages" name="test_create_package_with_group_role_and_application_item" time="0.238" /><testcase classname="tests.test_packages" name="test_create_package_rejects_unknown_resource_id" time="0.192" /><testcase classname="tests.test_packages" name="test_create_package_application_item_requires_app_role" time="0.189" /><testcase classname="tests.test_packages" name="test_create_package_rejects_duplicate_item" time="0.217" /><testcase classname="tests.test_packages" name="test_create_package_rejects_duplicate_name" time="0.244" /><testcase classname="tests.test_packages" name="test_assign_package_creates_one_assignment_per_item_as_eligible_then_activates" time="0.339" /><testcase classname="tests.test_packages" name="test_assign_package_with_approver_does_not_touch_existing_access_until_approved" time="0.348" /><testcase classname="tests.test_packages" name="test_approving_a_package_item_individually_via_existing_endpoint" time="0.350" /><testcase classname="tests.test_packages" name="test_reassigning_same_package_to_same_user_does_not_supersede_until_activated" time="0.474" /><testcase classname="tests.test_packages" name="test_activating_package_items_partial_failure_leaves_others_active" time="0.354" /><testcase classname="tests.test_packages" name="test_update_package_renames_and_redescribes" time="0.226" /><testcase classname="tests.test_packages" name="test_update_package_replaces_items" time="0.269" /><testcase classname="tests.test_packages" name="test_update_package_rejects_rename_to_existing_name" time="0.272" /><testcase classname="tests.test_packages" name="test_update_package_allowed_even_after_assignment_history" time="0.281" /><testcase classname="tests.test_packages" name="test_delete_unused_package_is_hard_deleted" time="0.247" /><testcase classname="tests.test_packages" name="test_delete_package_with_assignment_history_archives_instead" time="0.337" /><testcase classname="tests.test_packages" name="test_package_endpoints_require_admin_permissions" time="0.202" /><testcase classname="tests.test_packages" name="test_list_assignment_batches_groups_items_by_package_assignment_id" time="0.296" /><testcase classname="tests.test_packages" name="test_my_assignment_batches_is_available_to_a_non_admin_designated_approver" time="0.320" /><testcase classname="tests.test_packages" name="test_assign_package_to_group_creates_one_batch_per_member" time="0.304" /><testcase classname="tests.test_packages" name="test_assign_package_to_empty_group_returns_conflict" time="0.205" /><testcase classname="tests.test_packages" name="test_requestable_packages_empty_for_ineligible_user" time="0.230" /><testcase classname="tests.test_packages" name="test_set_eligibility_by_individual_user_makes_package_requestable" time="0.233" /><testcase classname="tests.test_packages" name="test_set_eligibility_deduplicates_a_repeated_principal_instead_of_erroring" time="0.222" /><testcase classname="tests.test_packages" name="test_set_eligibility_by_group_includes_its_members" time="0.247" /><testcase classname="tests.test_packages" name="test_request_package_with_default_approver_creates_pending_assignment" time="0.554" /><testcase classname="tests.test_packages" name="test_request_package_without_default_approver_is_eligible_not_active" time="0.339" /><testcase classname="tests.test_packages" name="test_request_package_denied_for_ineligible_user" time="0.256" /><testcase classname="tests.test_packages" name="test_set_package_eligibility_requires_admin" time="0.243" /><testcase classname="tests.test_packages" name="test_assign_package_requires_exactly_one_of_user_or_group" time="0.226" /><testcase classname="tests.test_packages" name="test_my_package_batches_lets_the_target_user_group_their_own_package_items" time="0.287" /><testcase classname="tests.test_packages" name="test_fallback_approver_can_approve_a_package_request_when_primary_has_not" time="0.396" /><testcase classname="tests.test_packages" name="test_someone_who_is_neither_approver_nor_fallback_cannot_approve_package_request" time="0.298" /><testcase classname="tests.test_packages" name="test_admin_assign_package_with_ad_hoc_approver_still_attaches_configured_fallback" time="0.287" /><testcase classname="tests.test_packages" name="test_create_package_with_approver_flow_setup_in_one_call" time="0.209" /><testcase classname="tests.test_packages" name="test_create_package_rejects_fallback_unlock_hours_without_fallback_approver" time="0.180" /><testcase classname="tests.test_packages" name="test_fallback_approver_cannot_act_before_the_escalation_window_elapses" time="0.328" /><testcase classname="tests.test_packages" name="test_fallback_approver_can_act_once_the_escalation_window_has_elapsed" time="0.290" /><testcase classname="tests.test_portal_auth" name="test_create_pending_setup_stores_a_pending_config_and_breakglass_account" time="0.306" /><testcase classname="tests.test_portal_auth" name="test_create_pending_setup_cleans_up_a_previous_abandoned_attempt" time="0.543" /><testcase classname="tests.test_portal_auth" name="test_get_pending_config_rejects_an_already_active_config" time="0.322" /><testcase classname="tests.test_portal_auth" name="test_validate_rejects_an_entra_config_missing_authority" time="0.331" /><testcase classname="tests.test_portal_auth" name="test_validate_rejects_an_okta_config_missing_issuer" time="0.320" /><testcase classname="tests.test_portal_auth" name="test_validate_succeeds_against_a_real_looking_token_and_matching_config" time="0.308" /><testcase classname="tests.test_portal_auth" name="test_validate_rejects_a_token_from_the_wrong_tenant" time="0.319" /><testcase classname="tests.test_portal_auth" name="test_activation_activates_config_and_breakglass_and_deletes_bootstrap_credential" time="0.492" /><testcase classname="tests.test_portal_auth" name="test_activation_deactivates_any_previously_active_config" time="0.342" /><testcase classname="tests.test_portal_auth" name="test_breakglass_login_roundtrip" time="0.480" /><testcase classname="tests.test_portal_auth" name="test_breakglass_login_fails_with_wrong_password" time="0.452" /><testcase classname="tests.test_portal_auth" name="test_breakglass_login_fails_with_wrong_emergency_token" time="0.323" /><testcase classname="tests.test_portal_auth" name="test_breakglass_login_fails_while_still_dormant_before_activation" time="0.302" /><testcase classname="tests.test_portal_auth" name="test_decode_breakglass_token_rejects_garbage" time="0.312" /><testcase classname="tests.test_portal_auth" name="test_verify_emergency_path_token" time="0.309" /><testcase classname="tests.test_portal_auth" name="test_elevate_breakglass_session_marks_token_elevated" time="0.449" /><testcase classname="tests.test_portal_auth" name="test_update_active_portal_auth_config_takes_effect_immediately" time="0.313" /><testcase classname="tests.test_portal_auth" name="test_a_real_protected_endpoint_accepts_a_valid_breakglass_session" time="0.616" /><testcase classname="tests.test_portal_auth" name="test_breakglass_login_rejected_without_a_valid_emergency_token_over_http" time="0.372" /><testcase classname="tests.test_portal_auth" name="test_emergency_access_verify_endpoint_is_indistinguishable_from_a_real_404" time="0.367" /><testcase classname="tests.test_portal_auth" name="test_breakglassadmin_cannot_reach_a_normal_admin_route" time="0.957" /><testcase classname="tests.test_portal_auth" name="test_a_real_protected_endpoint_still_rejects_garbage_tokens" time="0.196" /><testcase classname="tests.test_portal_auth" name="test_configure_and_activate_endpoints_end_to_end" time="0.698" /><testcase classname="tests.test_portal_auth" name="test_a_token_valid_against_an_active_portal_auth_config_authenticates_normally" time="0.385" /><testcase classname="tests.test_portal_auth" name="test_a_portal_auth_config_token_with_no_valid_role_is_still_rejected" time="0.330" /><testcase classname="tests.test_portal_auth" name="test_break_glass_still_works_even_with_an_active_portal_auth_config_present" time="0.505" /><testcase classname="tests.test_portal_auth" name="test_public_portal_config_endpoint_reflects_active_config_non_secret_fields_only" time="0.334" /><testcase classname="tests.test_portal_auth" name="test_a_completely_invalid_token_still_gets_a_clean_401_with_no_active_config_or_breakglass" time="0.170" /><testcase classname="tests.test_privileged_accounts" name="test_request_with_no_approver_configured_auto_provisions_immediately" time="0.207" /><testcase classname="tests.test_privileged_accounts" name="test_request_with_approver_configured_stays_pending_until_approved" time="0.208" /><testcase classname="tests.test_privileged_accounts" name="test_a_non_approver_non_admin_cannot_approve" time="0.206" /><testcase classname="tests.test_privileged_accounts" name="test_rejecting_a_request_never_provisions_anything" time="0.198" /><testcase classname="tests.test_privileged_accounts" name="test_cannot_grant_access_to_an_unassociated_pu_account" time="0.200" /><testcase classname="tests.test_privileged_accounts" name="test_birthright_policies_skip_pu_tu_accounts" time="0.185" /><testcase classname="tests.test_privileged_accounts" name="test_set_account_enabled_flips_status_and_rejects_normal_accounts" time="0.180" /><testcase classname="tests.test_privileged_accounts" name="test_provisioning_uses_pu_tu_prefixed_display_name" time="0.198" /><testcase classname="tests.test_privileged_accounts" name="test_activity_summary_lists_pu_tu_accounts_with_event_counts_and_unknown_sign_in" time="0.226" /><testcase classname="tests.test_privileged_accounts" name="test_timeline_merges_creation_enable_disable_and_assignment_events" time="0.296" /><testcase classname="tests.test_privileged_accounts" name="test_activity_and_timeline_require_policy_read" time="0.186" /><testcase classname="tests.test_privileged_accounts" name="test_linked_accounts_endpoint_lists_pu_and_tu_rows" time="0.184" /><testcase classname="tests.test_provider_configuration" name="test_connector_uses_database_provider_record" time="0.001" /><testcase classname="tests.test_provider_configuration" name="test_admin_provider_crud_and_mock_connection" time="0.232" /><testcase classname="tests.test_provider_configuration" name="test_user_provider_access_is_denied" time="0.009" /><testcase classname="tests.test_provider_configuration" name="test_admin_can_fetch_the_connectors_domains" time="0.193" /><testcase classname="tests.test_provider_configuration" name="test_admin_can_set_provisioning_domain_and_username_convention" time="0.213" /><testcase classname="tests.test_provider_configuration" name="test_an_invalid_username_convention_template_is_rejected" time="0.210" /><testcase classname="tests.test_provider_configuration" name="test_provider_sync_persists_run_and_is_listed" time="0.239" /><testcase classname="tests.test_provider_configuration" name="test_delete_provider_succeeds_with_foreign_keys_enforced_and_dependent_audit_rows" time="0.192" /><testcase classname="tests.test_provider_secret" name="test_encrypt_decrypt_round_trip" time="0.004" /><testcase classname="tests.test_provider_secret" name="test_decrypt_fails_without_correct_key" time="0.006" /><testcase classname="tests.test_provider_secret" name="test_update_credentials_never_returns_plaintext_and_marks_configured" time="0.181" /><testcase classname="tests.test_provider_secret" name="test_get_provider_never_includes_secret_field" time="0.194" /><testcase classname="tests.test_provider_secret" name="test_update_credentials_denied_for_non_admin" time="0.188" /><testcase classname="tests.test_provider_secret" name="test_update_credentials_fails_safely_without_encryption_key" time="0.166" /><testcase classname="tests.test_provider_secret" name="test_entra_provider_decrypts_stored_credential" time="0.007" /><testcase classname="tests.test_provisioning" name="test_no_configured_provider_returns_none_and_never_raises" time="0.178" /><testcase classname="tests.test_provisioning" name="test_primary_identity_provider_prefers_entra_over_mock" time="0.185" /><testcase classname="tests.test_provisioning" name="test_provisions_a_real_account_with_its_own_external_id" time="0.171" /><testcase classname="tests.test_provisioning" name="test_provisioning_the_same_email_twice_is_idempotent_not_duplicated" time="0.171" /><testcase classname="tests.test_provisioning" name="test_username_local_part_applies_the_configured_convention" time="0.001" /><testcase classname="tests.test_provisioning" name="test_username_local_part_supports_initials" time="0.001" /><testcase classname="tests.test_provisioning" name="test_username_local_part_strips_non_alphanumeric_characters" time="0.000" /><testcase classname="tests.test_provisioning" name="test_username_local_part_falls_back_when_no_convention_configured" time="0.000" /><testcase classname="tests.test_provisioning" name="test_username_local_part_falls_back_when_names_are_missing" time="0.000" /><testcase classname="tests.test_provisioning" name="test_list_provisioning_domains_returns_the_connectors_domains" time="0.170" /><testcase classname="tests.test_provisioning" name="test_list_provisioning_domains_is_empty_with_no_provider_configured" time="0.158" /><testcase classname="tests.test_provisioning" name="test_provisioning_uses_the_configured_domain_instead_of_the_csv_email_domain" time="0.167" /><testcase classname="tests.test_provisioning" name="test_provisioning_with_a_domain_but_no_convention_keeps_the_csv_local_part" time="0.173" /><testcase classname="tests.test_provisioning" name="test_provisioning_with_no_domain_configured_is_unchanged_from_before_this_feature" time="0.168" /><testcase classname="tests.test_scheduler" name="test_sync_not_triggered_when_no_schedule_set" time="0.162" /><testcase classname="tests.test_scheduler" name="test_sync_triggered_when_never_synced_and_scheduled" time="0.172" /><testcase classname="tests.test_scheduler" name="test_sync_not_triggered_before_interval_elapses" time="0.161" /><testcase classname="tests.test_scheduler" name="test_sync_triggered_after_interval_elapses" time="0.169" /><testcase classname="tests.test_scheduler" name="test_one_provider_failure_does_not_block_others" time="0.197" /><testcase classname="tests.test_security_settings" name="test_defaults_are_both_disabled_and_readable_by_a_normal_user" time="0.176" /><testcase classname="tests.test_security_settings" name="test_a_normal_user_cannot_update_settings" time="0.161" /><testcase classname="tests.test_security_settings" name="test_admin_can_update_settings_and_it_persists" time="0.193" /><testcase classname="tests.test_security_settings" name="test_out_of_range_minutes_are_rejected" time="0.163" /><testcase classname="tests.test_security_settings" name="test_out_of_range_logout_minutes_are_rejected" time="0.159" /><testcase classname="tests.test_security_settings" name="test_an_unrecognized_timezone_is_rejected" time="0.168" /><testcase classname="tests.test_security_settings" name="test_a_valid_non_default_timezone_is_accepted_and_persists" time="0.174" /><testcase classname="tests.test_security_settings" name="test_an_invalid_support_contact_email_is_rejected" time="0.170" /><testcase classname="tests.test_security_settings" name="test_a_blank_support_contact_email_is_treated_as_unset" time="0.221" /><testcase classname="tests.test_security_settings" name="test_support_contact_is_readable_with_no_authentication_at_all" time="0.193" /><testcase classname="tests.test_security_settings" name="test_support_contact_is_null_when_never_configured" time="0.171" /><testcase classname="tests.test_server_health" name="test_a_plain_user_is_denied_server_health" time="0.168" /><testcase classname="tests.test_server_health" name="test_a_plain_admin_is_denied_server_health" time="0.187" /><testcase classname="tests.test_server_health" name="test_a_real_serveradmin_sees_real_live_data" time="0.206" /><testcase classname="tests.test_server_health" name="test_a_plain_user_is_denied_troubleshooting" time="0.166" /><testcase classname="tests.test_server_health" name="test_troubleshooting_reports_no_incident_when_everything_is_healthy" time="0.226" /><testcase classname="tests.test_server_health" name="test_troubleshooting_diagnoses_a_real_graph_throttling_incident" time="0.231" /><testcase classname="tests.test_soc" name="test_a_plain_user_is_denied_every_soc_endpoint" time="0.173" /><testcase classname="tests.test_soc" name="test_fields_lists_every_source_and_builtin_widget" time="0.189" /><testcase classname="tests.test_soc" name="test_a_never_customized_layout_returns_the_ten_default_builtin_widgets" time="0.205" /><testcase classname="tests.test_soc" name="test_a_layout_saved_under_the_old_pre_builder_shape_falls_back_to_the_default" time="0.197" /><testcase classname="tests.test_soc" name="test_a_plain_admin_is_denied_the_soc_dashboard" time="0.206" /><testcase classname="tests.test_soc" name="test_saving_a_reordered_layout_with_a_custom_widget_round_trips" time="0.189" /><testcase classname="tests.test_soc" name="test_builtin_card_widget_computes_a_real_count" time="0.174" /><testcase classname="tests.test_soc" name="test_dormant_access_counts_only_long_active_assignments" time="0.213" /><testcase classname="tests.test_soc" name="test_identity_risk_posture_sums_dormant_access_and_overdue_reviews" time="0.223" /><testcase classname="tests.test_soc" name="test_access_outliers_flags_a_rare_department_holder_but_not_a_common_one" time="0.212" /><testcase classname="tests.test_soc" name="test_custom_bar_widget_groups_and_filters_correctly" time="0.192" /><testcase classname="tests.test_soc" name="test_custom_timeseries_widget_buckets_by_day_and_respects_filters" time="0.187" /><testcase classname="tests.test_soc" name="test_an_invalid_group_by_field_is_rejected" time="0.175" /><testcase classname="tests.test_soc" name="test_clicking_a_point_on_the_builtin_activity_timeline_returns_that_days_real_events" time="0.174" /><testcase classname="tests.test_soc" name="test_drilldown_on_a_custom_timeseries_respects_its_filters" time="0.208" /><testcase classname="tests.test_soc" name="test_drilldown_on_assignments_returns_the_target_users_name" time="0.248" /><testcase classname="tests.test_soc" name="test_clicking_open_sod_violations_lists_conflicts_including_ones_covered_by_an_exception" time="0.263" /><testcase classname="tests.test_soc" name="test_drilldown_is_rejected_for_a_panel_with_nothing_further_to_show" time="0.236" /><testcase classname="tests.test_soc" name="test_clicking_a_builtin_card_shows_the_real_rows_behind_its_count" time="0.230" /><testcase classname="tests.test_soc" name="test_clicking_a_custom_card_respects_its_filters" time="0.207" /><testcase classname="tests.test_soc" name="test_clicking_a_bar_entry_shows_the_rows_in_that_group" time="0.231" /><testcase classname="tests.test_soc" name="test_clicking_a_bar_or_list_widget_without_a_group_value_is_rejected" time="0.234" /><testcase classname="tests.test_soc" name="test_unclassified_entitlements_counts_only_untouched_catalog_entries" time="0.290" /><testcase classname="tests.test_sod" name="test_group_vs_application_role_conflict_is_detected" time="0.362" /><testcase classname="tests.test_sod" name="test_application_role_vs_group_conflict_is_detected_reverse_order" time="0.711" /><testcase classname="tests.test_sod" name="test_role_vs_role_conflict_is_detected" time="0.279" /><testcase classname="tests.test_sod" name="test_role_vs_application_role_conflict_is_detected" time="0.263" /><testcase classname="tests.test_sod" name="test_self_activation_of_an_application_role_is_blocked_by_a_group_conflict" time="0.281" /><testcase classname="tests.test_sod" name="test_admin_creation_of_a_conflicting_assignment_is_now_blocked_immediately" time="0.294" /><testcase classname="tests.test_sod" name="test_admin_creating_two_merely_eligible_conflicting_items_is_blocked" time="0.276" /><testcase classname="tests.test_sod" name="test_violations_scan_finds_a_conflict_between_two_merely_eligible_items" time="0.279" /><testcase classname="tests.test_sod" name="test_self_service_package_request_is_not_blocked_at_creation_time" time="0.313" /><testcase classname="tests.test_sod" name="test_preventive_check_catches_a_group_held_directly_in_entra" time="0.222" /><testcase classname="tests.test_sod" name="test_preventive_check_catches_a_directory_role_held_directly_in_entra" time="0.237" /><testcase classname="tests.test_sod" name="test_preventive_check_catches_an_application_role_held_directly_in_entra" time="0.241" /><testcase classname="tests.test_sod" name="test_violations_scan_includes_a_group_held_only_directly_in_entra" time="0.260" /><testcase classname="tests.test_sod" name="test_violations_scan_finds_an_application_role_conflict_that_exists_only_directly_in_entra" time="0.274" /><testcase classname="tests.test_sod" name="test_sodadmin_can_create_a_policy_but_plain_admin_cannot" time="0.256" /><testcase classname="tests.test_sod" name="test_deleting_a_policy_with_no_history_removes_it_entirely" time="0.326" /><testcase classname="tests.test_sod" name="test_deleting_a_policy_with_exception_history_disables_it_instead" time="0.301" /><testcase classname="tests.test_sod" name="test_creating_a_policy_dedupes_a_repeated_entity_instead_of_erroring" time="0.201" /><testcase classname="tests.test_sod" name="test_the_same_entity_on_both_sides_is_rejected" time="0.175" /><testcase classname="tests.test_sod" name="test_updating_a_policy_to_put_the_same_entity_on_both_sides_is_also_rejected" time="0.207" /><testcase classname="tests.test_sod" name="test_a_plain_admin_is_denied_separation_of_duties_entirely" time="0.185" /><testcase classname="tests.test_sod" name="test_bypass_create_is_blocked_by_an_active_conflict_and_can_be_overridden" time="0.266" /><testcase classname="tests.test_sod" name="test_self_activation_is_blocked_by_a_conflict_but_admin_override_succeeds" time="0.287" /><testcase classname="tests.test_sod" name="test_cooldown_blocks_the_deactivate_then_activate_opposite_side_cycle" time="0.338" /><testcase classname="tests.test_sod" name="test_cooldown_disabled_by_default_does_not_block_the_same_cycle" time="0.319" /><testcase classname="tests.test_sod" name="test_scheduled_worker_activation_is_blocked_by_a_conflict_and_retries" time="0.300" /><testcase classname="tests.test_sod" name="test_get_violations_finds_a_pre_existing_conflict" time="0.328" /><testcase classname="tests.test_sod" name="test_package_type_entity_expands_to_its_items" time="0.388" /><testcase classname="tests.test_sod" name="test_business_role_type_entity_expands_to_its_items" time="0.331" /><testcase classname="tests.test_sod" name="test_dangling_business_role_reference_resolves_as_unresolved_not_an_error" time="0.284" /><testcase classname="tests.test_sod" name="test_dangling_package_reference_resolves_as_unresolved_not_an_error" time="0.319" /><testcase classname="tests.test_sod" name="test_a_real_entra_role_grants_sod_admin_with_no_local_grant_needed" time="0.242" /><testcase classname="tests.test_sod" name="test_check_endpoint_defaults_to_the_caller_and_denies_checking_someone_else" time="0.207" /><testcase classname="tests.test_sod" name="test_check_endpoint_allows_an_admin_to_check_on_behalf_of_another_user" time="0.205" /><testcase classname="tests.test_sod" name="test_dangling_group_and_role_references_resolve_as_unresolved_not_an_error" time="0.246" /><testcase classname="tests.test_sod" name="test_sod_activity_shows_rule_changes_and_blocked_grants_but_not_unrelated_assignments" time="0.281" /><testcase classname="tests.test_sod" name="test_granting_an_exception_lets_a_previously_blocked_grant_through" time="0.281" /><testcase classname="tests.test_sod" name="test_plain_admin_cannot_grant_an_exception" time="0.211" /><testcase classname="tests.test_sod" name="test_an_exception_in_the_past_is_rejected" time="0.199" /><testcase classname="tests.test_sod" name="test_revoking_an_exception_makes_the_next_grant_blocked_again" time="0.352" /><testcase classname="tests.test_sod" name="test_disabling_exception_requested_notifications_stops_generating_them" time="0.295" /><testcase classname="tests.test_sod" name="test_exception_request_workflow_grant_lets_a_retry_succeed" time="0.371" /><testcase classname="tests.test_sod" name="test_granting_an_exception_request_makes_the_user_eligible_without_a_retry" time="0.346" /><testcase classname="tests.test_sod" name="test_granting_an_exception_request_with_an_approver_routes_through_approval" time="0.357" /><testcase classname="tests.test_sod" name="test_granting_only_one_of_two_conflicting_policies_does_not_yet_create_the_assignment" time="0.450" /><testcase classname="tests.test_sod" name="test_denying_an_exception_request_notifies_the_requesting_admin" time="0.269" /><testcase classname="tests.test_sod" name="test_denying_an_exception_request_leaves_the_grant_blocked" time="0.388" /><testcase classname="tests.test_sod" name="test_plain_admin_cannot_grant_or_deny_an_exception_request" time="0.626" /><testcase classname="tests.test_sod" name="test_violations_scan_flags_an_excepted_conflict_instead_of_hiding_it" time="0.303" /><testcase classname="tests.test_sod" name="test_a_new_violation_generates_a_notification" time="0.276" /><testcase classname="tests.test_sod" name="test_calling_notifications_twice_does_not_duplicate_the_same_open_violation" time="0.287" /><testcase classname="tests.test_sod" name="test_resolving_a_violation_resolves_its_notification" time="0.304" /><testcase classname="tests.test_sod" name="test_disabling_new_violation_notifications_stops_generating_them" time="0.291" /><testcase classname="tests.test_sod" name="test_plain_admin_cannot_change_notification_settings" time="0.176" /><testcase classname="tests.test_sod" name="test_an_expiring_exception_generates_a_notification" time="0.263" /><testcase classname="tests.test_sod" name="test_revoking_an_exception_resolves_its_expiring_notification" time="0.273" /><testcase classname="tests.test_sod" name="test_an_expired_but_still_violating_exception_generates_a_notification" time="0.254" /><testcase classname="tests.test_sod" name="test_a_fresh_exception_resolves_the_expired_notification_for_the_old_one" time="0.316" /><testcase classname="tests.test_sod" name="test_marking_a_notification_read_and_mark_all_read" time="0.304" /><testcase classname="tests.test_sod" name="test_revoking_an_exception_also_revokes_the_eligible_assignment_it_covered" time="0.431" /><testcase classname="tests.test_sod" name="test_revoking_an_exception_revokes_the_right_assignment_not_an_old_unrelated_one" time="0.348" /><testcase classname="tests.test_sod" name="test_revoking_an_exception_also_revokes_the_active_assignment_it_covered" time="0.405" /><testcase classname="tests.test_sod" name="test_an_expired_exception_is_auto_revoked_by_the_background_worker" time="0.423" /><testcase classname="tests.test_sod" name="test_a_later_unrelated_grant_for_the_same_target_survives_the_old_exceptions_worker_tick" time="0.403" /><testcase classname="tests.test_sod" name="test_revoking_an_exception_also_revokes_a_later_re_grant_the_exact_link_no_longer_covers" time="0.460" /><testcase classname="tests.test_sod" name="test_a_directly_granted_exception_with_no_linked_request_has_nothing_to_auto_revoke" time="0.275" /><testcase classname="tests.test_sod" name="test_an_eligible_assignment_covered_by_a_live_exception_shows_its_expiry" time="0.371" /><testcase classname="tests.test_sod" name="test_a_plain_assignment_with_no_covering_exception_has_a_null_sod_field" time="0.239" /><testcase classname="tests.test_sod" name="test_sod_admin_can_list_rule_templates" time="0.202" /><testcase classname="tests.test_sod" name="test_a_plain_admin_cannot_list_sod_rule_templates" time="0.185" /><testcase classname="tests.test_user_hierarchy" name="test_admin_can_tag_a_user_as_manager" time="0.212" /><testcase classname="tests.test_user_hierarchy" name="test_admin_can_assign_an_employee_under_a_manager" time="0.200" /><testcase classname="tests.test_user_hierarchy" name="test_a_user_cannot_be_their_own_manager" time="0.202" /><testcase classname="tests.test_user_hierarchy" name="test_assigning_a_manager_cycle_is_rejected" time="0.232" /><testcase classname="tests.test_user_hierarchy" name="test_clearing_a_manager_assignment" time="0.197" /><testcase classname="tests.test_user_hierarchy" name="test_a_normal_user_cannot_edit_hierarchy" time="0.202" /><testcase classname="tests.test_user_hierarchy" name="test_changing_a_manager_notifies_the_person_and_both_managers" time="0.222" /><testcase classname="tests.test_workflows" name="test_admin_can_create_a_workflow_definition_with_stages" time="0.209" /><testcase classname="tests.test_workflows" name="test_duplicate_definition_name_is_rejected" time="0.221" /><testcase classname="tests.test_workflows" name="test_stage_referencing_an_unknown_approver_is_rejected" time="0.196" /><testcase classname="tests.test_workflows" name="test_fallback_and_escalate_hours_must_be_set_together" time="0.189" /><testcase classname="tests.test_workflows" name="test_condition_requires_all_three_parts_together" time="0.175" /><testcase classname="tests.test_workflows" name="test_submitting_a_request_against_a_non_active_definition_is_rejected" time="0.205" /><testcase classname="tests.test_workflows" name="test_any_of_stage_finalizes_on_first_decision" time="0.270" /><testcase classname="tests.test_workflows" name="test_all_of_stage_requires_every_named_approver_and_any_rejection_ends_it_immediately" time="0.271" /><testcase classname="tests.test_workflows" name="test_all_of_stage_any_single_rejection_ends_it_immediately" time="0.251" /><testcase classname="tests.test_workflows" name="test_condition_based_stage_skipping_and_missing_payload_field_never_errors" time="0.222" /><testcase classname="tests.test_workflows" name="test_a_workflow_whose_every_stage_is_skipped_auto_approves_with_zero_decisions" time="0.227" /><testcase classname="tests.test_workflows" name="test_escalation_lets_a_fallback_finalize_any_of_and_all_of_outright" time="0.302" /><testcase classname="tests.test_workflows" name="test_escalation_sweep_is_idempotent" time="0.248" /><testcase classname="tests.test_workflows" name="test_cancel_marks_current_stage_cancelled_and_only_requester_or_admin_can_cancel" time="0.246" /><testcase classname="tests.test_workflows" name="test_a_completed_request_cannot_be_cancelled" time="0.267" /><testcase classname="tests.test_workflows" name="test_admin_override_finalizes_a_stage_regardless_of_mode" time="0.265" /><testcase classname="tests.test_workflows" name="test_definition_with_history_cannot_be_deleted_but_can_be_disabled" time="0.252" /><testcase classname="tests.test_workflows" name="test_a_definition_with_no_history_can_be_deleted" time="0.198" /><testcase classname="tests.test_workflows" name="test_any_authenticated_user_can_list_active_definitions_only" time="0.222" /><testcase classname="tests.test_workflows" name="test_permission_gating_on_admin_endpoints" time="0.184" /><testcase classname="tests.test_workflows" name="test_mine_and_pending_my_decision_lists_are_scoped_correctly" time="0.271" /></testsuite></testsuites>